app/api/appointments/mine/route.ts(8,37): error TS2554: Expected 1 arguments, but got 0.
app/api/appointments/route.ts(28,39): error TS2554: Expected 1 arguments, but got 0.
app/api/auth/me/route.ts(7,36): error TS2554: Expected 1 arguments, but got 0.
app/api/medical-records/appointment/[appointmentId]/route.ts(8,46): error TS2339: Property 'getByAppointment' does not exist on type '{ getByPatient(patientId: string): Promise<ApiResponse<any[]>>; getById(id: string): Promise<ApiResponse<any>>; create(req: CreateMedicalRecordRequest, patientId: string, doctorId: string): Promise<...>; update(id: string, req: UpdateMedicalRecordRequest): Promise<...>; delete(id: string): Promise<...>; }'.
app/api/medical-records/doctor/[doctorId]/route.ts(8,46): error TS2339: Property 'getByDoctor' does not exist on type '{ getByPatient(patientId: string): Promise<ApiResponse<any[]>>; getById(id: string): Promise<ApiResponse<any>>; create(req: CreateMedicalRecordRequest, patientId: string, doctorId: string): Promise<...>; update(id: string, req: UpdateMedicalRecordRequest): Promise<...>; delete(id: string): Promise<...>; }'.
app/api/medical-records/route.ts(10,46): error TS2339: Property 'getAll' does not exist on type '{ getByPatient(patientId: string): Promise<ApiResponse<any[]>>; getById(id: string): Promise<ApiResponse<any>>; create(req: CreateMedicalRecordRequest, patientId: string, doctorId: string): Promise<...>; update(id: string, req: UpdateMedicalRecordRequest): Promise<...>; delete(id: string): Promise<...>; }'.
app/api/medical-records/route.ts(27,39): error TS2554: Expected 1 arguments, but got 0.
app/api/medical-records/route.ts(33,48): error TS2554: Expected 3 arguments, but got 2.
app/doctor/appointments/page.tsx(54,27): error TS2339: Property 'getByAppointment' does not exist on type '{ getByPatient(patientId: string): Promise<ApiResponse<any[]>>; getById(id: string): Promise<ApiResponse<any>>; create(req: CreateMedicalRecordRequest, patientId: string, doctorId: string): Promise<...>; update(id: string, req: UpdateMedicalRecordRequest): Promise<...>; delete(id: string): Promise<...>; }'.
app/doctor/appointments/page.tsx(54,74): error TS7006: Parameter 'res' implicitly has an 'any' type.
app/doctor/appointments/page.tsx(106,45): error TS2554: Expected 3 arguments, but got 2.
app/doctor/history/page.tsx(41,31): error TS2339: Property 'getByDoctor' does not exist on type '{ getByPatient(patientId: string): Promise<ApiResponse<any[]>>; getById(id: string): Promise<ApiResponse<any>>; create(req: CreateMedicalRecordRequest, patientId: string, doctorId: string): Promise<...>; update(id: string, req: UpdateMedicalRecordRequest): Promise<...>; delete(id: string): Promise<...>; }'.
app/doctor/medical-records/page.tsx(35,35): error TS2339: Property 'getByDoctor' does not exist on type '{ getByPatient(patientId: string): Promise<ApiResponse<any[]>>; getById(id: string): Promise<ApiResponse<any>>; create(req: CreateMedicalRecordRequest, patientId: string, doctorId: string): Promise<...>; update(id: string, req: UpdateMedicalRecordRequest): Promise<...>; delete(id: string): Promise<...>; }'.
app/doctor/medical-records/page.tsx(67,45): error TS2554: Expected 3 arguments, but got 2.
context/AuthContext.tsx(32,17): error TS2554: Expected 1 arguments, but got 0.
